Component: ARM Compiler 5.06 update 6 (build 750) Tool: armlink [4d35ed]

==============================================================================

Section Cross References

    main.o(i.SystemClock_Config) refers to stm32f1xx_ll_utils.o(i.LL_Init1msTick) for LL_Init1msTick
    main.o(i.SystemClock_Config) refers to stm32f1xx_ll_utils.o(i.LL_SetSystemCoreClock) for LL_SetSystemCoreClock
    main.o(i.main) refers to main.o(i.SystemClock_Config) for SystemClock_Config
    main.o(i.main) refers to voilier.o(i.Voilier_Conf) for Voilier_Conf
    main.o(i.main) refers to voilier.o(i.Controle_Voiles) for Controle_Voiles
    main.o(i.main) refers to voilier.o(i.Controle_Plateau) for Controle_Plateau
    voilier.o(i.Controle_Plateau) refers to telecommande.o(i.Get_Direction) for Get_Direction
    voilier.o(i.Controle_Plateau) refers to plateau.o(i.Controle_Moteur_cc) for Controle_Moteur_cc
    voilier.o(i.Controle_Voiles) refers to vent.o(i.Direction_Vent) for Direction_Vent
    voilier.o(i.Controle_Voiles) refers to voiles.o(i.Direction_Voiles) for Direction_Voiles
    voilier.o(i.Controle_Voiles) refers to adc.o(i.Conversion) for Conversion
    voilier.o(i.Controle_Voiles) refers to voilier.o(i.LL_ADC_IsActiveFlag_EOS) for LL_ADC_IsActiveFlag_EOS
    voilier.o(i.Controle_Voiles) refers to roulis.o(i.Angle_Limite) for Angle_Limite
    voilier.o(i.Controle_Voiles) refers to voiles.o(i.Controle_Servomoteur) for Controle_Servomoteur
    voilier.o(i.Controle_Voiles) refers to pupitre.o(i.Transmission_Data) for Transmission_Data
    voilier.o(i.Voilier_Conf) refers to adc.o(i.ADC_Conf) for ADC_Conf
    voilier.o(i.Voilier_Conf) refers to gpio.o(i.GPIO_Conf) for GPIO_Conf
    voilier.o(i.Voilier_Conf) refers to timer.o(i.Timer_Conf) for Timer_Conf
    voilier.o(i.Voilier_Conf) refers to uart.o(i.USART_Conf) for USART_Conf
    plateau.o(i.Controle_Moteur_cc) refers to f2d.o(.text) for __aeabi_f2d
    plateau.o(i.Controle_Moteur_cc) refers to cdrcmple.o(.text) for __aeabi_cdrcmple
    plateau.o(i.Controle_Moteur_cc) refers to dadd.o(.text) for __aeabi_dsub
    plateau.o(i.Controle_Moteur_cc) refers to dmul.o(.text) for __aeabi_dmul
    plateau.o(i.Controle_Moteur_cc) refers to d2f.o(.text) for __aeabi_d2f
    plateau.o(i.Controle_Moteur_cc) refers to ddiv.o(.text) for __aeabi_ddiv
    plateau.o(i.Controle_Moteur_cc) refers to dfixi.o(.text) for __aeabi_d2iz
    plateau.o(i.Controle_Moteur_cc) refers to plateau.o(i.LL_TIM_OC_SetCompareCH1) for LL_TIM_OC_SetCompareCH1
    plateau.o(i.Controle_Moteur_cc) refers to cdcmple.o(.text) for __aeabi_cdcmple
    pupitre.o(i.Transmission_Data) refers to memcpya.o(.text) for __aeabi_memcpy4
    pupitre.o(i.Transmission_Data) refers to pupitre.o(i.LL_USART_IsActiveFlag_TXE) for LL_USART_IsActiveFlag_TXE
    pupitre.o(i.Transmission_Data) refers to pupitre.o(i.LL_USART_TransmitData8) for LL_USART_TransmitData8
    roulis.o(i.Angle_Limite) refers to roulis.o(.data) for indicateur
    voiles.o(i.Controle_Servomoteur) refers to voiles.o(i.LL_TIM_OC_SetCompareCH1) for LL_TIM_OC_SetCompareCH1
    telecommande.o(i.Get_Direction) refers to ffltui.o(.text) for __aeabi_ui2f
    telecommande.o(i.Get_Direction) refers to f2d.o(.text) for __aeabi_f2d
    telecommande.o(i.Get_Direction) refers to dadd.o(.text) for __aeabi_dsub
    telecommande.o(i.Get_Direction) refers to dmul.o(.text) for __aeabi_dmul
    telecommande.o(i.Get_Direction) refers to ddiv.o(.text) for __aeabi_ddiv
    telecommande.o(i.Get_Direction) refers to d2f.o(.text) for __aeabi_d2f
    adc.o(i.ADC_Conf) refers to adc.o(i.LL_APB2_GRP1_EnableClock) for LL_APB2_GRP1_EnableClock
    adc.o(i.ADC_Conf) refers to adc.o(i.ADC_Start) for ADC_Start
    adc.o(i.ADC_Start) refers to adc.o(i.LL_ADC_Enable) for LL_ADC_Enable
    adc.o(i.ADC_Stop) refers to adc.o(i.LL_ADC_Disable) for LL_ADC_Disable
    adc.o(i.Conversion) refers to adc.o(i.LL_ADC_REG_SetSequencerRanks) for LL_ADC_REG_SetSequencerRanks
    adc.o(i.Conversion) refers to adc.o(i.Conversion_Start) for Conversion_Start
    adc.o(i.Conversion) refers to adc.o(.bss) for tab
    gpio.o(i.GPIO_Conf) refers to gpio.o(i.LL_APB2_GRP1_EnableClock) for LL_APB2_GRP1_EnableClock
    gpio.o(i.GPIO_Conf) refers to gpio.o(i.LL_GPIO_SetPinMode) for LL_GPIO_SetPinMode
    gpio.o(i.GPIO_Conf) refers to gpio.o(i.LL_GPIO_SetPinOutputType) for LL_GPIO_SetPinOutputType
    timer.o(i.LL_TIM_IC_Config) refers to timer.o(.constdata) for OFFSET_TAB_CCMRx
    timer.o(i.LL_TIM_IC_SetPolarity) refers to timer.o(.constdata) for SHIFT_TAB_CCxP
    timer.o(i.LL_TIM_OC_SetMode) refers to timer.o(.constdata) for OFFSET_TAB_CCMRx
    timer.o(i.Timer_Conf) refers to timer.o(i.LL_APB1_GRP1_EnableClock) for LL_APB1_GRP1_EnableClock
    timer.o(i.Timer_Conf) refers to stm32f1xx_ll_tim.o(i.LL_TIM_Init) for LL_TIM_Init
    timer.o(i.Timer_Conf) refers to timer.o(i.LL_TIM_CC_EnableChannel) for LL_TIM_CC_EnableChannel
    timer.o(i.Timer_Conf) refers to timer.o(i.LL_TIM_OC_SetMode) for LL_TIM_OC_SetMode
    timer.o(i.Timer_Conf) refers to timer.o(i.LL_TIM_IC_Config) for LL_TIM_IC_Config
    timer.o(i.Timer_Conf) refers to timer.o(i.LL_TIM_IC_SetPolarity) for LL_TIM_IC_SetPolarity
    timer.o(i.Timer_Conf) refers to timer.o(i.Timer_Start) for Timer_Start
    uart.o(i.USART_Conf) refers to stm32f1xx_ll_usart.o(i.LL_USART_StructInit) for LL_USART_StructInit
    uart.o(i.USART_Conf) refers to stm32f1xx_ll_usart.o(i.LL_USART_Init) for LL_USART_Init
    stm32f1xx_ll_rcc.o(i.LL_RCC_DeInit) refers to stm32f1xx_ll_rcc.o(i.LL_RCC_PLL_IsReady) for LL_RCC_PLL_IsReady
    stm32f1xx_ll_rcc.o(i.LL_RCC_GetADCClockFreq) refers to main.o(i.assert_failed) for assert_failed
    stm32f1xx_ll_rcc.o(i.LL_RCC_GetADCClockFreq) refers to stm32f1xx_ll_rcc.o(i.RCC_GetSystemClockFreq) for RCC_GetSystemClockFreq
    stm32f1xx_ll_rcc.o(i.LL_RCC_GetADCClockFreq) refers to stm32f1xx_ll_rcc.o(i.RCC_GetHCLKClockFreq) for RCC_GetHCLKClockFreq
    stm32f1xx_ll_rcc.o(i.LL_RCC_GetADCClockFreq) refers to stm32f1xx_ll_rcc.o(i.RCC_GetPCLK2ClockFreq) for RCC_GetPCLK2ClockFreq
    stm32f1xx_ll_rcc.o(i.LL_RCC_GetSystemClocksFreq) refers to stm32f1xx_ll_rcc.o(i.RCC_GetSystemClockFreq) for RCC_GetSystemClockFreq
    stm32f1xx_ll_rcc.o(i.LL_RCC_GetSystemClocksFreq) refers to stm32f1xx_ll_rcc.o(i.RCC_GetHCLKClockFreq) for RCC_GetHCLKClockFreq
    stm32f1xx_ll_rcc.o(i.LL_RCC_GetSystemClocksFreq) refers to stm32f1xx_ll_rcc.o(i.RCC_GetPCLK1ClockFreq) for RCC_GetPCLK1ClockFreq
    stm32f1xx_ll_rcc.o(i.LL_RCC_GetSystemClocksFreq) refers to stm32f1xx_ll_rcc.o(i.RCC_GetPCLK2ClockFreq) for RCC_GetPCLK2ClockFreq
    stm32f1xx_ll_rcc.o(i.LL_RCC_GetUSBClockFreq) refers to main.o(i.assert_failed) for assert_failed
    stm32f1xx_ll_rcc.o(i.LL_RCC_GetUSBClockFreq) refers to stm32f1xx_ll_rcc.o(i.LL_RCC_PLL_IsReady) for LL_RCC_PLL_IsReady
    stm32f1xx_ll_rcc.o(i.LL_RCC_GetUSBClockFreq) refers to stm32f1xx_ll_rcc.o(i.RCC_PLL_GetFreqDomain_SYS) for RCC_PLL_GetFreqDomain_SYS
    stm32f1xx_ll_rcc.o(i.RCC_GetHCLKClockFreq) refers to system_stm32f1xx.o(.constdata) for AHBPrescTable
    stm32f1xx_ll_rcc.o(i.RCC_GetPCLK1ClockFreq) refers to system_stm32f1xx.o(.constdata) for APBPrescTable
    stm32f1xx_ll_rcc.o(i.RCC_GetPCLK2ClockFreq) refers to system_stm32f1xx.o(.constdata) for APBPrescTable
    stm32f1xx_ll_rcc.o(i.RCC_GetSystemClockFreq) refers to stm32f1xx_ll_rcc.o(i.RCC_PLL_GetFreqDomain_SYS) for RCC_PLL_GetFreqDomain_SYS
    stm32f1xx_ll_utils.o(i.LL_PLL_ConfigSystemClock_HSE) refers to main.o(i.assert_failed) for assert_failed
    stm32f1xx_ll_utils.o(i.LL_PLL_ConfigSystemClock_HSE) refers to stm32f1xx_ll_utils.o(i.UTILS_PLL_IsBusy) for UTILS_PLL_IsBusy
    stm32f1xx_ll_utils.o(i.LL_PLL_ConfigSystemClock_HSE) refers to stm32f1xx_ll_utils.o(i.UTILS_GetPLLOutputFrequency) for UTILS_GetPLLOutputFrequency
    stm32f1xx_ll_utils.o(i.LL_PLL_ConfigSystemClock_HSE) refers to stm32f1xx_ll_utils.o(i.LL_RCC_HSE_IsReady) for LL_RCC_HSE_IsReady
    stm32f1xx_ll_utils.o(i.LL_PLL_ConfigSystemClock_HSE) refers to stm32f1xx_ll_utils.o(i.LL_RCC_PLL_ConfigDomain_SYS) for LL_RCC_PLL_ConfigDomain_SYS
    stm32f1xx_ll_utils.o(i.LL_PLL_ConfigSystemClock_HSE) refers to stm32f1xx_ll_utils.o(i.UTILS_EnablePLLAndSwitchSystem) for UTILS_EnablePLLAndSwitchSystem
    stm32f1xx_ll_utils.o(i.LL_PLL_ConfigSystemClock_HSI) refers to stm32f1xx_ll_utils.o(i.UTILS_PLL_IsBusy) for UTILS_PLL_IsBusy
    stm32f1xx_ll_utils.o(i.LL_PLL_ConfigSystemClock_HSI) refers to stm32f1xx_ll_utils.o(i.UTILS_GetPLLOutputFrequency) for UTILS_GetPLLOutputFrequency
    stm32f1xx_ll_utils.o(i.LL_PLL_ConfigSystemClock_HSI) refers to stm32f1xx_ll_utils.o(i.LL_RCC_HSI_IsReady) for LL_RCC_HSI_IsReady
    stm32f1xx_ll_utils.o(i.LL_PLL_ConfigSystemClock_HSI) refers to stm32f1xx_ll_utils.o(i.LL_RCC_PLL_ConfigDomain_SYS) for LL_RCC_PLL_ConfigDomain_SYS
    stm32f1xx_ll_utils.o(i.LL_PLL_ConfigSystemClock_HSI) refers to stm32f1xx_ll_utils.o(i.UTILS_EnablePLLAndSwitchSystem) for UTILS_EnablePLLAndSwitchSystem
    stm32f1xx_ll_utils.o(i.LL_SetSystemCoreClock) refers to system_stm32f1xx.o(.data) for SystemCoreClock
    stm32f1xx_ll_utils.o(i.UTILS_EnablePLLAndSwitchSystem) refers to main.o(i.assert_failed) for assert_failed
    stm32f1xx_ll_utils.o(i.UTILS_EnablePLLAndSwitchSystem) refers to stm32f1xx_ll_utils.o(i.UTILS_SetFlashLatency) for UTILS_SetFlashLatency
    stm32f1xx_ll_utils.o(i.UTILS_EnablePLLAndSwitchSystem) refers to stm32f1xx_ll_utils.o(i.LL_RCC_PLL_IsReady) for LL_RCC_PLL_IsReady
    stm32f1xx_ll_utils.o(i.UTILS_EnablePLLAndSwitchSystem) refers to stm32f1xx_ll_utils.o(i.LL_SetSystemCoreClock) for LL_SetSystemCoreClock
    stm32f1xx_ll_utils.o(i.UTILS_EnablePLLAndSwitchSystem) refers to system_stm32f1xx.o(.constdata) for AHBPrescTable
    stm32f1xx_ll_utils.o(i.UTILS_EnablePLLAndSwitchSystem) refers to system_stm32f1xx.o(.data) for SystemCoreClock
    stm32f1xx_ll_utils.o(i.UTILS_GetPLLOutputFrequency) refers to main.o(i.assert_failed) for assert_failed
    stm32f1xx_ll_utils.o(i.UTILS_PLL_IsBusy) refers to stm32f1xx_ll_utils.o(i.LL_RCC_PLL_IsReady) for LL_RCC_PLL_IsReady
    stm32f1xx_ll_tim.o(i.IC1Config) refers to main.o(i.assert_failed) for assert_failed
    stm32f1xx_ll_tim.o(i.IC2Config) refers to main.o(i.assert_failed) for assert_failed
    stm32f1xx_ll_tim.o(i.IC3Config) refers to main.o(i.assert_failed) for assert_failed
    stm32f1xx_ll_tim.o(i.IC4Config) refers to main.o(i.assert_failed) for assert_failed
    stm32f1xx_ll_tim.o(i.LL_TIM_BDTR_Init) refers to main.o(i.assert_failed) for assert_failed
    stm32f1xx_ll_tim.o(i.LL_TIM_DeInit) refers to main.o(i.assert_failed) for assert_failed
    stm32f1xx_ll_tim.o(i.LL_TIM_DeInit) refers to stm32f1xx_ll_tim.o(i.LL_APB1_GRP1_ForceReset) for LL_APB1_GRP1_ForceReset
    stm32f1xx_ll_tim.o(i.LL_TIM_DeInit) refers to stm32f1xx_ll_tim.o(i.LL_APB1_GRP1_ReleaseReset) for LL_APB1_GRP1_ReleaseReset
    stm32f1xx_ll_tim.o(i.LL_TIM_ENCODER_Init) refers to main.o(i.assert_failed) for assert_failed
    stm32f1xx_ll_tim.o(i.LL_TIM_HALLSENSOR_Init) refers to main.o(i.assert_failed) for assert_failed
    stm32f1xx_ll_tim.o(i.LL_TIM_HALLSENSOR_Init) refers to stm32f1xx_ll_tim.o(i.LL_TIM_OC_SetCompareCH2) for LL_TIM_OC_SetCompareCH2
    stm32f1xx_ll_tim.o(i.LL_TIM_IC_Init) refers to stm32f1xx_ll_tim.o(i.IC1Config) for IC1Config
    stm32f1xx_ll_tim.o(i.LL_TIM_IC_Init) refers to stm32f1xx_ll_tim.o(i.IC2Config) for IC2Config
    stm32f1xx_ll_tim.o(i.LL_TIM_IC_Init) refers to stm32f1xx_ll_tim.o(i.IC3Config) for IC3Config
    stm32f1xx_ll_tim.o(i.LL_TIM_IC_Init) refers to stm32f1xx_ll_tim.o(i.IC4Config) for IC4Config
    stm32f1xx_ll_tim.o(i.LL_TIM_Init) refers to main.o(i.assert_failed) for assert_failed
    stm32f1xx_ll_tim.o(i.LL_TIM_OC_Init) refers to stm32f1xx_ll_tim.o(i.OC1Config) for OC1Config
    stm32f1xx_ll_tim.o(i.LL_TIM_OC_Init) refers to stm32f1xx_ll_tim.o(i.OC2Config) for OC2Config
    stm32f1xx_ll_tim.o(i.LL_TIM_OC_Init) refers to stm32f1xx_ll_tim.o(i.OC3Config) for OC3Config
    stm32f1xx_ll_tim.o(i.LL_TIM_OC_Init) refers to stm32f1xx_ll_tim.o(i.OC4Config) for OC4Config
    stm32f1xx_ll_tim.o(i.OC1Config) refers to main.o(i.assert_failed) for assert_failed
    stm32f1xx_ll_tim.o(i.OC2Config) refers to main.o(i.assert_failed) for assert_failed
    stm32f1xx_ll_tim.o(i.OC2Config) refers to stm32f1xx_ll_tim.o(i.LL_TIM_OC_SetCompareCH2) for LL_TIM_OC_SetCompareCH2
    stm32f1xx_ll_tim.o(i.OC3Config) refers to main.o(i.assert_failed) for assert_failed
    stm32f1xx_ll_tim.o(i.OC4Config) refers to main.o(i.assert_failed) for assert_failed
    stm32f1xx_ll_usart.o(i.LL_USART_ClockInit) refers to main.o(i.assert_failed) for assert_failed
    stm32f1xx_ll_usart.o(i.LL_USART_ClockInit) refers to stm32f1xx_ll_usart.o(i.LL_USART_IsEnabled) for LL_USART_IsEnabled
    stm32f1xx_ll_usart.o(i.LL_USART_DeInit) refers to main.o(i.assert_failed) for assert_failed
    stm32f1xx_ll_usart.o(i.LL_USART_DeInit) refers to stm32f1xx_ll_usart.o(i.LL_APB1_GRP1_ForceReset) for LL_APB1_GRP1_ForceReset
    stm32f1xx_ll_usart.o(i.LL_USART_DeInit) refers to stm32f1xx_ll_usart.o(i.LL_APB1_GRP1_ReleaseReset) for LL_APB1_GRP1_ReleaseReset
    stm32f1xx_ll_usart.o(i.LL_USART_Init) refers to main.o(i.assert_failed) for assert_failed
    stm32f1xx_ll_usart.o(i.LL_USART_Init) refers to stm32f1xx_ll_usart.o(i.LL_USART_IsEnabled) for LL_USART_IsEnabled
    stm32f1xx_ll_usart.o(i.LL_USART_Init) refers to stm32f1xx_ll_rcc.o(i.LL_RCC_GetSystemClocksFreq) for LL_RCC_GetSystemClocksFreq
    stm32f1xx_ll_usart.o(i.LL_USART_Init) refers to stm32f1xx_ll_usart.o(i.LL_USART_SetBaudRate) for LL_USART_SetBaudRate
    system_stm32f1xx.o(i.SystemCoreClockUpdate) refers to system_stm32f1xx.o(.data) for SystemCoreClock
    system_stm32f1xx.o(i.SystemCoreClockUpdate) refers to system_stm32f1xx.o(.constdata) for AHBPrescTable
    startup_stm32f103xb.o(RESET) refers to startup_stm32f103xb.o(STACK) for __initial_sp
    startup_stm32f103xb.o(RESET) refers to startup_stm32f103xb.o(.text) for Reset_Handler
    startup_stm32f103xb.o(.text) refers to system_stm32f1xx.o(i.SystemInit) for SystemInit
    startup_stm32f103xb.o(.text) refers to entry.o(.ARM.Collect$$$$00000000) for __main
    entry.o(.ARM.Collect$$$$00000000) refers (Special) to entry10a.o(.ARM.Collect$$$$0000000D) for __rt_final_cpp
    entry.o(.ARM.Collect$$$$00000000) refers (Special) to entry11a.o(.ARM.Collect$$$$0000000F) for __rt_final_exit
    entry.o(.ARM.Collect$$$$00000000) refers (Special) to entry7b.o(.ARM.Collect$$$$00000008) for _main_clock
    entry.o(.ARM.Collect$$$$00000000) refers (Special) to entry8b.o(.ARM.Collect$$$$0000000A) for _main_cpp_init
    entry.o(.ARM.Collect$$$$00000000) refers (Special) to entry9a.o(.ARM.Collect$$$$0000000B) for _main_init
    entry.o(.ARM.Collect$$$$00000000) refers (Special) to entry5.o(.ARM.Collect$$$$00000004) for _main_scatterload
    entry.o(.ARM.Collect$$$$00000000) refers (Special) to entry2.o(.ARM.Collect$$$$00000001) for _main_stk
    dadd.o(.text) refers (Special) to iusefp.o(.text) for __I$use$fp
    dadd.o(.text) refers to llshl.o(.text) for __aeabi_llsl
    dadd.o(.text) refers to llsshr.o(.text) for __aeabi_lasr
    dadd.o(.text) refers to depilogue.o(.text) for _double_epilogue
    dmul.o(.text) refers (Special) to iusefp.o(.text) for __I$use$fp
    dmul.o(.text) refers to depilogue.o(.text) for _double_epilogue
    ddiv.o(.text) refers (Special) to iusefp.o(.text) for __I$use$fp
    ddiv.o(.text) refers to depilogue.o(.text) for _double_round
    ffltui.o(.text) refers (Special) to iusefp.o(.text) for __I$use$fp
    ffltui.o(.text) refers to fepilogue.o(.text) for _float_epilogue
    dfixi.o(.text) refers (Special) to iusefp.o(.text) for __I$use$fp
    dfixi.o(.text) refers to llushr.o(.text) for __aeabi_llsr
    f2d.o(.text) refers (Special) to iusefp.o(.text) for __I$use$fp
    cdcmple.o(.text) refers (Special) to iusefp.o(.text) for __I$use$fp
    cdrcmple.o(.text) refers (Special) to iusefp.o(.text) for __I$use$fp
    d2f.o(.text) refers (Special) to iusefp.o(.text) for __I$use$fp
    d2f.o(.text) refers to fepilogue.o(.text) for _float_round
    entry2.o(.ARM.Collect$$$$00000001) refers to entry2.o(.ARM.Collect$$$$00002712) for __lit__00000000
    entry2.o(.ARM.Collect$$$$00002712) refers to startup_stm32f103xb.o(STACK) for __initial_sp
    entry2.o(__vectab_stack_and_reset_area) refers to startup_stm32f103xb.o(STACK) for __initial_sp
    entry2.o(__vectab_stack_and_reset_area) refers to entry.o(.ARM.Collect$$$$00000000) for __main
    entry5.o(.ARM.Collect$$$$00000004) refers to init.o(.text) for __scatterload
    entry9a.o(.ARM.Collect$$$$0000000B) refers to main.o(i.main) for main
    entry9b.o(.ARM.Collect$$$$0000000C) refers to main.o(i.main) for main
    depilogue.o(.text) refers to llshl.o(.text) for __aeabi_llsl
    depilogue.o(.text) refers to llushr.o(.text) for __aeabi_llsr
    init.o(.text) refers to entry5.o(.ARM.Collect$$$$00000004) for __main_after_scatterload


==============================================================================

Removing Unused input sections from the image.

    Removing main.o(.rev16_text), (4 bytes).
    Removing main.o(.revsh_text), (4 bytes).
    Removing main.o(.rrx_text), (6 bytes).
    Removing voilier.o(.rev16_text), (4 bytes).
    Removing voilier.o(.revsh_text), (4 bytes).
    Removing voilier.o(.rrx_text), (6 bytes).
    Removing batterie.o(.rev16_text), (4 bytes).
    Removing batterie.o(.revsh_text), (4 bytes).
    Removing batterie.o(.rrx_text), (6 bytes).
    Removing batterie.o(i.Seuil_Batterie), (18 bytes).
    Removing plateau.o(.rev16_text), (4 bytes).
    Removing plateau.o(.revsh_text), (4 bytes).
    Removing plateau.o(.rrx_text), (6 bytes).
    Removing plateau.o(.constdata), (35 bytes).
    Removing pupitre.o(.rev16_text), (4 bytes).
    Removing pupitre.o(.revsh_text), (4 bytes).
    Removing pupitre.o(.rrx_text), (6 bytes).
    Removing vent.o(.rev16_text), (4 bytes).
    Removing vent.o(.revsh_text), (4 bytes).
    Removing vent.o(.rrx_text), (6 bytes).
    Removing vent.o(i.Index_Girouette), (28 bytes).
    Removing vent.o(.constdata), (35 bytes).
    Removing voiles.o(.rev16_text), (4 bytes).
    Removing voiles.o(.revsh_text), (4 bytes).
    Removing voiles.o(.rrx_text), (6 bytes).
    Removing voiles.o(.constdata), (35 bytes).
    Removing telecommande.o(.rev16_text), (4 bytes).
    Removing telecommande.o(.revsh_text), (4 bytes).
    Removing telecommande.o(.rrx_text), (6 bytes).
    Removing telecommande.o(.constdata), (35 bytes).
    Removing adc.o(.rev16_text), (4 bytes).
    Removing adc.o(.revsh_text), (4 bytes).
    Removing adc.o(.rrx_text), (6 bytes).
    Removing adc.o(i.ADC_Stop), (24 bytes).
    Removing adc.o(i.Conversion_Stop), (24 bytes).
    Removing adc.o(i.LL_ADC_Disable), (10 bytes).
    Removing gpio.o(.rev16_text), (4 bytes).
    Removing gpio.o(.revsh_text), (4 bytes).
    Removing gpio.o(.rrx_text), (6 bytes).
    Removing timer.o(.rev16_text), (4 bytes).
    Removing timer.o(.revsh_text), (4 bytes).
    Removing timer.o(.rrx_text), (6 bytes).
    Removing timer.o(i.Timer_Stop), (14 bytes).
    Removing uart.o(.rev16_text), (4 bytes).
    Removing uart.o(.revsh_text), (4 bytes).
    Removing uart.o(.rrx_text), (6 bytes).
    Removing stm32f1xx_ll_rcc.o(.rev16_text), (4 bytes).
    Removing stm32f1xx_ll_rcc.o(.revsh_text), (4 bytes).
    Removing stm32f1xx_ll_rcc.o(.rrx_text), (6 bytes).
    Removing stm32f1xx_ll_rcc.o(i.LL_RCC_DeInit), (152 bytes).
    Removing stm32f1xx_ll_rcc.o(i.LL_RCC_GetADCClockFreq), (124 bytes).
    Removing stm32f1xx_ll_rcc.o(i.LL_RCC_GetUSBClockFreq), (120 bytes).
    Removing stm32f1xx_ll_rcc.o(i.LL_RCC_PLL_IsReady), (16 bytes).
    Removing stm32f1xx_ll_utils.o(.rev16_text), (4 bytes).
    Removing stm32f1xx_ll_utils.o(.revsh_text), (4 bytes).
    Removing stm32f1xx_ll_utils.o(.rrx_text), (6 bytes).
    Removing stm32f1xx_ll_utils.o(i.LL_PLL_ConfigSystemClock_HSE), (260 bytes).
    Removing stm32f1xx_ll_utils.o(i.LL_PLL_ConfigSystemClock_HSI), (104 bytes).
    Removing stm32f1xx_ll_utils.o(i.LL_RCC_HSE_IsReady), (16 bytes).
    Removing stm32f1xx_ll_utils.o(i.LL_RCC_HSI_IsReady), (16 bytes).
    Removing stm32f1xx_ll_utils.o(i.LL_RCC_PLL_ConfigDomain_SYS), (28 bytes).
    Removing stm32f1xx_ll_utils.o(i.LL_RCC_PLL_IsReady), (16 bytes).
    Removing stm32f1xx_ll_utils.o(i.LL_mDelay), (40 bytes).
    Removing stm32f1xx_ll_utils.o(i.UTILS_EnablePLLAndSwitchSystem), (416 bytes).
    Removing stm32f1xx_ll_utils.o(i.UTILS_GetPLLOutputFrequency), (228 bytes).
    Removing stm32f1xx_ll_utils.o(i.UTILS_PLL_IsBusy), (16 bytes).
    Removing stm32f1xx_ll_utils.o(i.UTILS_SetFlashLatency), (80 bytes).
    Removing stm32f1xx_ll_tim.o(.rev16_text), (4 bytes).
    Removing stm32f1xx_ll_tim.o(.revsh_text), (4 bytes).
    Removing stm32f1xx_ll_tim.o(.rrx_text), (6 bytes).
    Removing stm32f1xx_ll_tim.o(i.IC1Config), (376 bytes).
    Removing stm32f1xx_ll_tim.o(i.IC2Config), (376 bytes).
    Removing stm32f1xx_ll_tim.o(i.IC3Config), (380 bytes).
    Removing stm32f1xx_ll_tim.o(i.IC4Config), (380 bytes).
    Removing stm32f1xx_ll_tim.o(i.LL_APB1_GRP1_ForceReset), (16 bytes).
    Removing stm32f1xx_ll_tim.o(i.LL_APB1_GRP1_ReleaseReset), (16 bytes).
    Removing stm32f1xx_ll_tim.o(i.LL_TIM_BDTR_Init), (312 bytes).
    Removing stm32f1xx_ll_tim.o(i.LL_TIM_BDTR_StructInit), (18 bytes).
    Removing stm32f1xx_ll_tim.o(i.LL_TIM_DeInit), (192 bytes).
    Removing stm32f1xx_ll_tim.o(i.LL_TIM_ENCODER_Init), (688 bytes).
    Removing stm32f1xx_ll_tim.o(i.LL_TIM_ENCODER_StructInit), (36 bytes).
    Removing stm32f1xx_ll_tim.o(i.LL_TIM_HALLSENSOR_Init), (396 bytes).
    Removing stm32f1xx_ll_tim.o(i.LL_TIM_HALLSENSOR_StructInit), (12 bytes).
    Removing stm32f1xx_ll_tim.o(i.LL_TIM_IC_Init), (92 bytes).
    Removing stm32f1xx_ll_tim.o(i.LL_TIM_IC_StructInit), (18 bytes).
    Removing stm32f1xx_ll_tim.o(i.LL_TIM_OC_Init), (92 bytes).
    Removing stm32f1xx_ll_tim.o(i.LL_TIM_OC_SetCompareCH2), (4 bytes).
    Removing stm32f1xx_ll_tim.o(i.LL_TIM_OC_StructInit), (20 bytes).
    Removing stm32f1xx_ll_tim.o(i.LL_TIM_StructInit), (18 bytes).
    Removing stm32f1xx_ll_tim.o(i.OC1Config), (404 bytes).
    Removing stm32f1xx_ll_tim.o(i.OC2Config), (404 bytes).
    Removing stm32f1xx_ll_tim.o(i.OC3Config), (404 bytes).
    Removing stm32f1xx_ll_tim.o(i.OC4Config), (372 bytes).
    Removing stm32f1xx_ll_tim.o(.constdata), (35 bytes).
    Removing stm32f1xx_ll_usart.o(.rev16_text), (4 bytes).
    Removing stm32f1xx_ll_usart.o(.revsh_text), (4 bytes).
    Removing stm32f1xx_ll_usart.o(.rrx_text), (6 bytes).
    Removing stm32f1xx_ll_usart.o(i.LL_APB1_GRP1_ForceReset), (16 bytes).
    Removing stm32f1xx_ll_usart.o(i.LL_APB1_GRP1_ReleaseReset), (16 bytes).
    Removing stm32f1xx_ll_usart.o(i.LL_USART_ClockInit), (276 bytes).
    Removing stm32f1xx_ll_usart.o(i.LL_USART_ClockStructInit), (12 bytes).
    Removing stm32f1xx_ll_usart.o(i.LL_USART_DeInit), (180 bytes).
    Removing system_stm32f1xx.o(.rev16_text), (4 bytes).
    Removing system_stm32f1xx.o(.revsh_text), (4 bytes).
    Removing system_stm32f1xx.o(.rrx_text), (6 bytes).
    Removing system_stm32f1xx.o(i.SystemCoreClockUpdate), (164 bytes).
    Removing startup_stm32f103xb.o(HEAP), (512 bytes).

107 unused section(s) (total 8365 bytes) removed from the image.

==============================================================================

Image Symbol Table

    Local Symbols

    Symbol Name                              Value     Ov Type        Size  Object(Section)

    ../Application/main.c                    0x00000000   Number         0  main.o ABSOLUTE
    ../Services/Voilier.c                    0x00000000   Number         0  voilier.o ABSOLUTE
    ../clib/microlib/init/entry.s            0x00000000   Number         0  entry9b.o ABSOLUTE
    ../clib/microlib/init/entry.s            0x00000000   Number         0  entry10a.o ABSOLUTE
    ../clib/microlib/init/entry.s            0x00000000   Number         0  entry11b.o ABSOLUTE
    ../clib/microlib/init/entry.s            0x00000000   Number         0  entry5.o ABSOLUTE
    ../clib/microlib/init/entry.s            0x00000000   Number         0  entry9a.o ABSOLUTE
    ../clib/microlib/init/entry.s            0x00000000   Number         0  entry7a.o ABSOLUTE
    ../clib/microlib/init/entry.s            0x00000000   Number         0  entry8b.o ABSOLUTE
    ../clib/microlib/init/entry.s            0x00000000   Number         0  entry8a.o ABSOLUTE
    ../clib/microlib/init/entry.s            0x00000000   Number         0  entry7b.o ABSOLUTE
    ../clib/microlib/init/entry.s            0x00000000   Number         0  entry.o ABSOLUTE
    ../clib/microlib/init/entry.s            0x00000000   Number         0  entry11a.o ABSOLUTE
    ../clib/microlib/init/entry.s            0x00000000   Number         0  entry2.o ABSOLUTE
    ../clib/microlib/init/entry.s            0x00000000   Number         0  entry10b.o ABSOLUTE
    ../clib/microlib/longlong.c              0x00000000   Number         0  llsshr.o ABSOLUTE
    ../clib/microlib/longlong.c              0x00000000   Number         0  llushr.o ABSOLUTE
    ../clib/microlib/longlong.c              0x00000000   Number         0  llshl.o ABSOLUTE
    ../clib/microlib/string/memcpy.c         0x00000000   Number         0  memcpyb.o ABSOLUTE
    ../clib/microlib/string/memcpy.c         0x00000000   Number         0  memcpya.o ABSOLUTE
    ../clib/microlib/stubs.s                 0x00000000   Number         0  iusefp.o ABSOLUTE
    ../fplib/microlib/d2f.c                  0x00000000   Number         0  d2f.o ABSOLUTE
    ../fplib/microlib/f2d.c                  0x00000000   Number         0  f2d.o ABSOLUTE
    ../fplib/microlib/fpadd.c                0x00000000   Number         0  dadd.o ABSOLUTE
    ../fplib/microlib/fpdiv.c                0x00000000   Number         0  ddiv.o ABSOLUTE
    ../fplib/microlib/fpepilogue.c           0x00000000   Number         0  fepilogue.o ABSOLUTE
    ../fplib/microlib/fpepilogue.c           0x00000000   Number         0  depilogue.o ABSOLUTE
    ../fplib/microlib/fpfix.c                0x00000000   Number         0  dfixi.o ABSOLUTE
    ../fplib/microlib/fpflt.c                0x00000000   Number         0  ffltui.o ABSOLUTE
    ../fplib/microlib/fpmul.c                0x00000000   Number         0  dmul.o ABSOLUTE
    ..\Application\main.c                    0x00000000   Number         0  main.o ABSOLUTE
    ..\Application\system_stm32f1xx.c        0x00000000   Number         0  system_stm32f1xx.o ABSOLUTE
    ..\Fonction\ADC.c                        0x00000000   Number         0  adc.o ABSOLUTE
    ..\Fonction\GPIO.c                       0x00000000   Number         0  gpio.o ABSOLUTE
    ..\Fonction\Timer.c                      0x00000000   Number         0  timer.o ABSOLUTE
    ..\Fonction\UART.c                       0x00000000   Number         0  uart.o ABSOLUTE
    ..\LLDrivers\src\stm32f1xx_ll_rcc.c      0x00000000   Number         0  stm32f1xx_ll_rcc.o ABSOLUTE
    ..\LLDrivers\src\stm32f1xx_ll_tim.c      0x00000000   Number         0  stm32f1xx_ll_tim.o ABSOLUTE
    ..\LLDrivers\src\stm32f1xx_ll_usart.c    0x00000000   Number         0  stm32f1xx_ll_usart.o ABSOLUTE
    ..\LLDrivers\src\stm32f1xx_ll_utils.c    0x00000000   Number         0  stm32f1xx_ll_utils.o ABSOLUTE
    ..\Peripheral\Batterie.c                 0x00000000   Number         0  batterie.o ABSOLUTE
    ..\Peripheral\Plateau.c                  0x00000000   Number         0  plateau.o ABSOLUTE
    ..\Peripheral\Pupitre.c                  0x00000000   Number         0  pupitre.o ABSOLUTE
    ..\Peripheral\Roulis.c                   0x00000000   Number         0  roulis.o ABSOLUTE
    ..\Peripheral\Telecommande.c             0x00000000   Number         0  telecommande.o ABSOLUTE
    ..\Peripheral\Vent.c                     0x00000000   Number         0  vent.o ABSOLUTE
    ..\Peripheral\Voiles.c                   0x00000000   Number         0  voiles.o ABSOLUTE
    ..\Services\Voilier.c                    0x00000000   Number         0  voilier.o ABSOLUTE
    ..\\Application\\system_stm32f1xx.c      0x00000000   Number         0  system_stm32f1xx.o ABSOLUTE
    ..\\Fonction\\ADC.c                      0x00000000   Number         0  adc.o ABSOLUTE
    ..\\Fonction\\GPIO.c                     0x00000000   Number         0  gpio.o ABSOLUTE
    ..\\Fonction\\Timer.c                    0x00000000   Number         0  timer.o ABSOLUTE
    ..\\Fonction\\UART.c                     0x00000000   Number         0  uart.o ABSOLUTE
    ..\\LLDrivers\\src\\stm32f1xx_ll_rcc.c   0x00000000   Number         0  stm32f1xx_ll_rcc.o ABSOLUTE
    ..\\LLDrivers\\src\\stm32f1xx_ll_tim.c   0x00000000   Number         0  stm32f1xx_ll_tim.o ABSOLUTE
    ..\\LLDrivers\\src\\stm32f1xx_ll_usart.c 0x00000000   Number         0  stm32f1xx_ll_usart.o ABSOLUTE
    ..\\LLDrivers\\src\\stm32f1xx_ll_utils.c 0x00000000   Number         0  stm32f1xx_ll_utils.o ABSOLUTE
    ..\\Peripheral\\Batterie.c               0x00000000   Number         0  batterie.o ABSOLUTE
    ..\\Peripheral\\Plateau.c                0x00000000   Number         0  plateau.o ABSOLUTE
    ..\\Peripheral\\Pupitre.c                0x00000000   Number         0  pupitre.o ABSOLUTE
    ..\\Peripheral\\Telecommande.c           0x00000000   Number         0  telecommande.o ABSOLUTE
    ..\\Peripheral\\Vent.c                   0x00000000   Number         0  vent.o ABSOLUTE
    ..\\Peripheral\\Voiles.c                 0x00000000   Number         0  voiles.o ABSOLUTE
    cdcmple.s                                0x00000000   Number         0  cdcmple.o ABSOLUTE
    cdrcmple.s                               0x00000000   Number         0  cdrcmple.o ABSOLUTE
    dc.s                                     0x00000000   Number         0  dc.o ABSOLUTE
    handlers.s                               0x00000000   Number         0  handlers.o ABSOLUTE
    init.s                                   0x00000000   Number         0  init.o ABSOLUTE
    startup_stm32f103xb.s                    0x00000000   Number         0  startup_stm32f103xb.o ABSOLUTE
    RESET                                    0x08000000   Section      236  startup_stm32f103xb.o(RESET)
    .ARM.Collect$$$$00000000                 0x080000ec   Section        0  entry.o(.ARM.Collect$$$$00000000)
    .ARM.Collect$$$$00000001                 0x080000ec   Section        4  entry2.o(.ARM.Collect$$$$00000001)
    .ARM.Collect$$$$00000004                 0x080000f0   Section        4  entry5.o(.ARM.Collect$$$$00000004)
    .ARM.Collect$$$$00000008                 0x080000f4   Section        0  entry7b.o(.ARM.Collect$$$$00000008)
    .ARM.Collect$$$$0000000A                 0x080000f4   Section        0  entry8b.o(.ARM.Collect$$$$0000000A)
    .ARM.Collect$$$$0000000B                 0x080000f4   Section        8  entry9a.o(.ARM.Collect$$$$0000000B)
    .ARM.Collect$$$$0000000D                 0x080000fc   Section        0  entry10a.o(.ARM.Collect$$$$0000000D)
    .ARM.Collect$$$$0000000F                 0x080000fc   Section        0  entry11a.o(.ARM.Collect$$$$0000000F)
    .ARM.Collect$$$$00002712                 0x080000fc   Section        4  entry2.o(.ARM.Collect$$$$00002712)
    __lit__00000000                          0x080000fc   Data           4  entry2.o(.ARM.Collect$$$$00002712)
    .text                                    0x08000100   Section       36  startup_stm32f103xb.o(.text)
    .text                                    0x08000124   Section        0  memcpya.o(.text)
    .text                                    0x08000148   Section        0  dadd.o(.text)
    .text                                    0x08000296   Section        0  dmul.o(.text)
    .text                                    0x0800037a   Section        0  ddiv.o(.text)
    .text                                    0x08000458   Section        0  ffltui.o(.text)
    .text                                    0x08000462   Section        0  dfixi.o(.text)
    .text                                    0x080004a0   Section        0  f2d.o(.text)
    .text                                    0x080004c8   Section       48  cdcmple.o(.text)
    .text                                    0x080004f8   Section       48  cdrcmple.o(.text)
    .text                                    0x08000528   Section        0  d2f.o(.text)
    .text                                    0x08000560   Section        0  llshl.o(.text)
    .text                                    0x0800057e   Section        0  llushr.o(.text)
    .text                                    0x0800059e   Section        0  llsshr.o(.text)
    .text                                    0x080005c2   Section        0  iusefp.o(.text)
    .text                                    0x080005c2   Section        0  fepilogue.o(.text)
    .text                                    0x08000630   Section        0  depilogue.o(.text)
    .text                                    0x080006ec   Section       36  init.o(.text)
    i.ADC_Conf                               0x08000710   Section        0  adc.o(i.ADC_Conf)
    i.ADC_Start                              0x0800077c   Section        0  adc.o(i.ADC_Start)
    i.Angle_Limite                           0x08000794   Section        0  roulis.o(i.Angle_Limite)
    i.Controle_Moteur_cc                     0x080007d4   Section        0  plateau.o(i.Controle_Moteur_cc)
    i.Controle_Plateau                       0x08000948   Section        0  voilier.o(i.Controle_Plateau)
    i.Controle_Servomoteur                   0x08000958   Section        0  voiles.o(i.Controle_Servomoteur)
    i.Controle_Voiles                        0x080009c4   Section        0  voilier.o(i.Controle_Voiles)
    i.Conversion                             0x08000a70   Section        0  adc.o(i.Conversion)
    i.Conversion_Start                       0x08000ae8   Section        0  adc.o(i.Conversion_Start)
    i.Direction_Vent                         0x08000b00   Section        0  vent.o(i.Direction_Vent)
    i.Direction_Voiles                       0x08000b0c   Section        0  voiles.o(i.Direction_Voiles)
    i.GPIO_Conf                              0x08000b4c   Section        0  gpio.o(i.GPIO_Conf)
    i.Get_Direction                          0x08000c48   Section        0  telecommande.o(i.Get_Direction)
    i.LL_ADC_Enable                          0x08000cb0   Section        0  adc.o(i.LL_ADC_Enable)
    LL_ADC_Enable                            0x08000cb1   Thumb Code    10  adc.o(i.LL_ADC_Enable)
    i.LL_ADC_IsActiveFlag_EOS                0x08000cba   Section        0  voilier.o(i.LL_ADC_IsActiveFlag_EOS)
    LL_ADC_IsActiveFlag_EOS                  0x08000cbb   Thumb Code    10  voilier.o(i.LL_ADC_IsActiveFlag_EOS)
    i.LL_ADC_REG_SetSequencerRanks           0x08000cc4   Section        0  adc.o(i.LL_ADC_REG_SetSequencerRanks)
    LL_ADC_REG_SetSequencerRanks             0x08000cc5   Thumb Code    56  adc.o(i.LL_ADC_REG_SetSequencerRanks)
    i.LL_APB1_GRP1_EnableClock               0x08000cfc   Section        0  timer.o(i.LL_APB1_GRP1_EnableClock)
    LL_APB1_GRP1_EnableClock                 0x08000cfd   Thumb Code    24  timer.o(i.LL_APB1_GRP1_EnableClock)
    i.LL_APB2_GRP1_EnableClock               0x08000d18   Section        0  adc.o(i.LL_APB2_GRP1_EnableClock)
    LL_APB2_GRP1_EnableClock                 0x08000d19   Thumb Code    24  adc.o(i.LL_APB2_GRP1_EnableClock)
    i.LL_APB2_GRP1_EnableClock               0x08000d34   Section        0  gpio.o(i.LL_APB2_GRP1_EnableClock)
    LL_APB2_GRP1_EnableClock                 0x08000d35   Thumb Code    24  gpio.o(i.LL_APB2_GRP1_EnableClock)
    i.LL_GPIO_SetPinMode                     0x08000d50   Section        0  gpio.o(i.LL_GPIO_SetPinMode)
    LL_GPIO_SetPinMode                       0x08000d51   Thumb Code    44  gpio.o(i.LL_GPIO_SetPinMode)
    i.LL_GPIO_SetPinOutputType               0x08000d7c   Section        0  gpio.o(i.LL_GPIO_SetPinOutputType)
    LL_GPIO_SetPinOutputType                 0x08000d7d   Thumb Code    44  gpio.o(i.LL_GPIO_SetPinOutputType)
    i.LL_Init1msTick                         0x08000da8   Section        0  stm32f1xx_ll_utils.o(i.LL_Init1msTick)
    i.LL_RCC_GetSystemClocksFreq             0x08000dc4   Section        0  stm32f1xx_ll_rcc.o(i.LL_RCC_GetSystemClocksFreq)
    i.LL_SetSystemCoreClock                  0x08000de8   Section        0  stm32f1xx_ll_utils.o(i.LL_SetSystemCoreClock)
    i.LL_TIM_CC_EnableChannel                0x08000df4   Section        0  timer.o(i.LL_TIM_CC_EnableChannel)
    LL_TIM_CC_EnableChannel                  0x08000df5   Thumb Code     8  timer.o(i.LL_TIM_CC_EnableChannel)
    i.LL_TIM_IC_Config                       0x08000dfc   Section        0  timer.o(i.LL_TIM_IC_Config)
    LL_TIM_IC_Config                         0x08000dfd   Thumb Code   124  timer.o(i.LL_TIM_IC_Config)
    i.LL_TIM_IC_SetPolarity                  0x08000e84   Section        0  timer.o(i.LL_TIM_IC_SetPolarity)
    LL_TIM_IC_SetPolarity                    0x08000e85   Thumb Code    84  timer.o(i.LL_TIM_IC_SetPolarity)
    i.LL_TIM_Init                            0x08000edc   Section        0  stm32f1xx_ll_tim.o(i.LL_TIM_Init)
    i.LL_TIM_OC_SetCompareCH1                0x08000ff0   Section        0  plateau.o(i.LL_TIM_OC_SetCompareCH1)
    LL_TIM_OC_SetCompareCH1                  0x08000ff1   Thumb Code     4  plateau.o(i.LL_TIM_OC_SetCompareCH1)
    i.LL_TIM_OC_SetCompareCH1                0x08000ff4   Section        0  voiles.o(i.LL_TIM_OC_SetCompareCH1)
    LL_TIM_OC_SetCompareCH1                  0x08000ff5   Thumb Code     4  voiles.o(i.LL_TIM_OC_SetCompareCH1)
    i.LL_TIM_OC_SetMode                      0x08000ff8   Section        0  timer.o(i.LL_TIM_OC_SetMode)
    LL_TIM_OC_SetMode                        0x08000ff9   Thumb Code    98  timer.o(i.LL_TIM_OC_SetMode)
    i.LL_USART_Init                          0x08001064   Section        0  stm32f1xx_ll_usart.o(i.LL_USART_Init)
    i.LL_USART_IsActiveFlag_TXE              0x08001214   Section        0  pupitre.o(i.LL_USART_IsActiveFlag_TXE)
    LL_USART_IsActiveFlag_TXE                0x08001215   Thumb Code    10  pupitre.o(i.LL_USART_IsActiveFlag_TXE)
    i.LL_USART_IsEnabled                     0x0800121e   Section        0  stm32f1xx_ll_usart.o(i.LL_USART_IsEnabled)
    LL_USART_IsEnabled                       0x0800121f   Thumb Code    10  stm32f1xx_ll_usart.o(i.LL_USART_IsEnabled)
    i.LL_USART_SetBaudRate                   0x08001228   Section        0  stm32f1xx_ll_usart.o(i.LL_USART_SetBaudRate)
    LL_USART_SetBaudRate                     0x08001229   Thumb Code   158  stm32f1xx_ll_usart.o(i.LL_USART_SetBaudRate)
    i.LL_USART_StructInit                    0x080012c6   Section        0  stm32f1xx_ll_usart.o(i.LL_USART_StructInit)
    i.LL_USART_TransmitData8                 0x080012de   Section        0  pupitre.o(i.LL_USART_TransmitData8)
    LL_USART_TransmitData8                   0x080012df   Thumb Code     4  pupitre.o(i.LL_USART_TransmitData8)
    i.RCC_GetHCLKClockFreq                   0x080012e4   Section        0  stm32f1xx_ll_rcc.o(i.RCC_GetHCLKClockFreq)
    i.RCC_GetPCLK1ClockFreq                  0x08001304   Section        0  stm32f1xx_ll_rcc.o(i.RCC_GetPCLK1ClockFreq)
    i.RCC_GetPCLK2ClockFreq                  0x08001328   Section        0  stm32f1xx_ll_rcc.o(i.RCC_GetPCLK2ClockFreq)
    i.RCC_GetSystemClockFreq                 0x0800134c   Section        0  stm32f1xx_ll_rcc.o(i.RCC_GetSystemClockFreq)
    i.RCC_PLL_GetFreqDomain_SYS              0x08001388   Section        0  stm32f1xx_ll_rcc.o(i.RCC_PLL_GetFreqDomain_SYS)
    i.SystemClock_Config                     0x080013e0   Section        0  main.o(i.SystemClock_Config)
    i.SystemInit                             0x080014c0   Section        0  system_stm32f1xx.o(i.SystemInit)
    i.Timer_Conf                             0x08001518   Section        0  timer.o(i.Timer_Conf)
    i.Timer_Start                            0x080016b0   Section        0  timer.o(i.Timer_Start)
    i.Transmission_Data                      0x080016c0   Section        0  pupitre.o(i.Transmission_Data)
    i.USART_Conf                             0x080017ec   Section        0  uart.o(i.USART_Conf)
    i.Voilier_Conf                           0x08001864   Section        0  voilier.o(i.Voilier_Conf)
    i.__scatterload_copy                     0x08001878   Section       14  handlers.o(i.__scatterload_copy)
    i.__scatterload_null                     0x08001886   Section        2  handlers.o(i.__scatterload_null)
    i.__scatterload_zeroinit                 0x08001888   Section       14  handlers.o(i.__scatterload_zeroinit)
    i.assert_failed                          0x08001896   Section        0  main.o(i.assert_failed)
    i.main                                   0x0800189a   Section        0  main.o(i.main)
    .constdata                               0x080018ae   Section       35  timer.o(.constdata)
    OFFSET_TAB_CCMRx                         0x080018ae   Data           7  timer.o(.constdata)
    SHIFT_TAB_OCxx                           0x080018b5   Data           7  timer.o(.constdata)
    SHIFT_TAB_ICxx                           0x080018bc   Data           7  timer.o(.constdata)
    SHIFT_TAB_CCxP                           0x080018c3   Data           7  timer.o(.constdata)
    SHIFT_TAB_OISx                           0x080018ca   Data           7  timer.o(.constdata)
    .constdata                               0x080018d1   Section       24  system_stm32f1xx.o(.constdata)
    .data                                    0x20000000   Section        8  roulis.o(.data)
    indicateur                               0x20000000   Data           4  roulis.o(.data)
    resultat                                 0x20000004   Data           4  roulis.o(.data)
    .data                                    0x20000008   Section        4  system_stm32f1xx.o(.data)
    .bss                                     0x2000000c   Section       12  adc.o(.bss)
    tab                                      0x2000000c   Data          12  adc.o(.bss)
    STACK                                    0x20000018   Section     1024  startup_stm32f103xb.o(STACK)

    Global Symbols

    Symbol Name                              Value     Ov Type        Size  Object(Section)

    BuildAttributes$$THM_ISAv4$P$D$K$B$S$PE$A:L22UL41UL21$X:L11$S22US41US21$IEEE1$IW$USESV6$~STKCKD$USESV7$~SHL$OTIME$ROPI$EBA8$MICROLIB$REQ8$PRES8$EABIv2 0x00000000   Number         0  anon$$obj.o ABSOLUTE
    __ARM_use_no_argv                        0x00000000   Number         0  main.o ABSOLUTE
    __cpp_initialize__aeabi_                  - Undefined Weak Reference
    __cxa_finalize                            - Undefined Weak Reference
    __decompress                              - Undefined Weak Reference
    _clock_init                               - Undefined Weak Reference
    _microlib_exit                            - Undefined Weak Reference
    __Vectors_Size                           0x000000ec   Number         0  startup_stm32f103xb.o ABSOLUTE
    __Vectors                                0x08000000   Data           4  startup_stm32f103xb.o(RESET)
    __Vectors_End                            0x080000ec   Data           0  startup_stm32f103xb.o(RESET)
    __main                                   0x080000ed   Thumb Code     0  entry.o(.ARM.Collect$$$$00000000)
    _main_stk                                0x080000ed   Thumb Code     0  entry2.o(.ARM.Collect$$$$00000001)
    _main_scatterload                        0x080000f1   Thumb Code     0  entry5.o(.ARM.Collect$$$$00000004)
    __main_after_scatterload                 0x080000f5   Thumb Code     0  entry5.o(.ARM.Collect$$$$00000004)
    _main_clock                              0x080000f5   Thumb Code     0  entry7b.o(.ARM.Collect$$$$00000008)
    _main_cpp_init                           0x080000f5   Thumb Code     0  entry8b.o(.ARM.Collect$$$$0000000A)
    _main_init                               0x080000f5   Thumb Code     0  entry9a.o(.ARM.Collect$$$$0000000B)
    __rt_final_cpp                           0x080000fd   Thumb Code     0  entry10a.o(.ARM.Collect$$$$0000000D)
    __rt_final_exit                          0x080000fd   Thumb Code     0  entry11a.o(.ARM.Collect$$$$0000000F)
    Reset_Handler                            0x08000101   Thumb Code     8  startup_stm32f103xb.o(.text)
    NMI_Handler                              0x08000109   Thumb Code     2  startup_stm32f103xb.o(.text)
    HardFault_Handler                        0x0800010b   Thumb Code     2  startup_stm32f103xb.o(.text)
    MemManage_Handler                        0x0800010d   Thumb Code     2  startup_stm32f103xb.o(.text)
    BusFault_Handler                         0x0800010f   Thumb Code     2  startup_stm32f103xb.o(.text)
    UsageFault_Handler                       0x08000111   Thumb Code     2  startup_stm32f103xb.o(.text)
    SVC_Handler                              0x08000113   Thumb Code     2  startup_stm32f103xb.o(.text)
    DebugMon_Handler                         0x08000115   Thumb Code     2  startup_stm32f103xb.o(.text)
    PendSV_Handler                           0x08000117   Thumb Code     2  startup_stm32f103xb.o(.text)
    SysTick_Handler                          0x08000119   Thumb Code     2  startup_stm32f103xb.o(.text)
    ADC1_2_IRQHandler                        0x0800011b   Thumb Code     0  startup_stm32f103xb.o(.text)
    CAN1_RX1_IRQHandler                      0x0800011b   Thumb Code     0  startup_stm32f103xb.o(.text)
    CAN1_SCE_IRQHandler                      0x0800011b   Thumb Code     0  startup_stm32f103xb.o(.text)
    DMA1_Channel1_IRQHandler                 0x0800011b   Thumb Code     0  startup_stm32f103xb.o(.text)
    DMA1_Channel2_IRQHandler                 0x0800011b   Thumb Code     0  startup_stm32f103xb.o(.text)
    DMA1_Channel3_IRQHandler                 0x0800011b   Thumb Code     0  startup_stm32f103xb.o(.text)
    DMA1_Channel4_IRQHandler                 0x0800011b   Thumb Code     0  startup_stm32f103xb.o(.text)
    DMA1_Channel5_IRQHandler                 0x0800011b   Thumb Code     0  startup_stm32f103xb.o(.text)
    DMA1_Channel6_IRQHandler                 0x0800011b   Thumb Code     0  startup_stm32f103xb.o(.text)
    DMA1_Channel7_IRQHandler                 0x0800011b   Thumb Code     0  startup_stm32f103xb.o(.text)
    EXTI0_IRQHandler                         0x0800011b   Thumb Code     0  startup_stm32f103xb.o(.text)
    EXTI15_10_IRQHandler                     0x0800011b   Thumb Code     0  startup_stm32f103xb.o(.text)
    EXTI1_IRQHandler                         0x0800011b   Thumb Code     0  startup_stm32f103xb.o(.text)
    EXTI2_IRQHandler                         0x0800011b   Thumb Code     0  startup_stm32f103xb.o(.text)
    EXTI3_IRQHandler                         0x0800011b   Thumb Code     0  startup_stm32f103xb.o(.text)
    EXTI4_IRQHandler                         0x0800011b   Thumb Code     0  startup_stm32f103xb.o(.text)
    EXTI9_5_IRQHandler                       0x0800011b   Thumb Code     0  startup_stm32f103xb.o(.text)
    FLASH_IRQHandler                         0x0800011b   Thumb Code     0  startup_stm32f103xb.o(.text)
    I2C1_ER_IRQHandler                       0x0800011b   Thumb Code     0  startup_stm32f103xb.o(.text)
    I2C1_EV_IRQHandler                       0x0800011b   Thumb Code     0  startup_stm32f103xb.o(.text)
    I2C2_ER_IRQHandler                       0x0800011b   Thumb Code     0  startup_stm32f103xb.o(.text)
    I2C2_EV_IRQHandler                       0x0800011b   Thumb Code     0  startup_stm32f103xb.o(.text)
    PVD_IRQHandler                           0x0800011b   Thumb Code     0  startup_stm32f103xb.o(.text)
    RCC_IRQHandler                           0x0800011b   Thumb Code     0  startup_stm32f103xb.o(.text)
    RTC_Alarm_IRQHandler                     0x0800011b   Thumb Code     0  startup_stm32f103xb.o(.text)
    RTC_IRQHandler                           0x0800011b   Thumb Code     0  startup_stm32f103xb.o(.text)
    SPI1_IRQHandler                          0x0800011b   Thumb Code     0  startup_stm32f103xb.o(.text)
    SPI2_IRQHandler                          0x0800011b   Thumb Code     0  startup_stm32f103xb.o(.text)
    TAMPER_IRQHandler                        0x0800011b   Thumb Code     0  startup_stm32f103xb.o(.text)
    TIM1_BRK_IRQHandler                      0x0800011b   Thumb Code     0  startup_stm32f103xb.o(.text)
    TIM1_CC_IRQHandler                       0x0800011b   Thumb Code     0  startup_stm32f103xb.o(.text)
    TIM1_TRG_COM_IRQHandler                  0x0800011b   Thumb Code     0  startup_stm32f103xb.o(.text)
    TIM1_UP_IRQHandler                       0x0800011b   Thumb Code     0  startup_stm32f103xb.o(.text)
    TIM2_IRQHandler                          0x0800011b   Thumb Code     0  startup_stm32f103xb.o(.text)
    TIM3_IRQHandler                          0x0800011b   Thumb Code     0  startup_stm32f103xb.o(.text)
    TIM4_IRQHandler                          0x0800011b   Thumb Code     0  startup_stm32f103xb.o(.text)
    USART1_IRQHandler                        0x0800011b   Thumb Code     0  startup_stm32f103xb.o(.text)
    USART2_IRQHandler                        0x0800011b   Thumb Code     0  startup_stm32f103xb.o(.text)
    USART3_IRQHandler                        0x0800011b   Thumb Code     0  startup_stm32f103xb.o(.text)
    USBWakeUp_IRQHandler                     0x0800011b   Thumb Code     0  startup_stm32f103xb.o(.text)
    USB_HP_CAN1_TX_IRQHandler                0x0800011b   Thumb Code     0  startup_stm32f103xb.o(.text)
    USB_LP_CAN1_RX0_IRQHandler               0x0800011b   Thumb Code     0  startup_stm32f103xb.o(.text)
    WWDG_IRQHandler                          0x0800011b   Thumb Code     0  startup_stm32f103xb.o(.text)
    __aeabi_memcpy                           0x08000125   Thumb Code    36  memcpya.o(.text)
    __aeabi_memcpy4                          0x08000125   Thumb Code     0  memcpya.o(.text)
    __aeabi_memcpy8                          0x08000125   Thumb Code     0  memcpya.o(.text)
    __aeabi_dadd                             0x08000149   Thumb Code   322  dadd.o(.text)
    __aeabi_dsub                             0x0800028b   Thumb Code     6  dadd.o(.text)
    __aeabi_drsub                            0x08000291   Thumb Code     6  dadd.o(.text)
    __aeabi_dmul                             0x08000297   Thumb Code   228  dmul.o(.text)
    __aeabi_ddiv                             0x0800037b   Thumb Code   222  ddiv.o(.text)
    __aeabi_ui2f                             0x08000459   Thumb Code    10  ffltui.o(.text)
    __aeabi_d2iz                             0x08000463   Thumb Code    62  dfixi.o(.text)
    __aeabi_f2d                              0x080004a1   Thumb Code    38  f2d.o(.text)
    __aeabi_cdcmpeq                          0x080004c9   Thumb Code     0  cdcmple.o(.text)
    __aeabi_cdcmple                          0x080004c9   Thumb Code    48  cdcmple.o(.text)
    __aeabi_cdrcmple                         0x080004f9   Thumb Code    48  cdrcmple.o(.text)
    __aeabi_d2f                              0x08000529   Thumb Code    56  d2f.o(.text)
    __aeabi_llsl                             0x08000561   Thumb Code    30  llshl.o(.text)
    _ll_shift_l                              0x08000561   Thumb Code     0  llshl.o(.text)
    __aeabi_llsr                             0x0800057f   Thumb Code    32  llushr.o(.text)
    _ll_ushift_r                             0x0800057f   Thumb Code     0  llushr.o(.text)
    __aeabi_lasr                             0x0800059f   Thumb Code    36  llsshr.o(.text)
    _ll_sshift_r                             0x0800059f   Thumb Code     0  llsshr.o(.text)
    __I$use$fp                               0x080005c3   Thumb Code     0  iusefp.o(.text)
    _float_round                             0x080005c3   Thumb Code    18  fepilogue.o(.text)
    _float_epilogue                          0x080005d5   Thumb Code    92  fepilogue.o(.text)
    _double_round                            0x08000631   Thumb Code    30  depilogue.o(.text)
    _double_epilogue                         0x0800064f   Thumb Code   156  depilogue.o(.text)
    __scatterload                            0x080006ed   Thumb Code    28  init.o(.text)
    __scatterload_rt2                        0x080006ed   Thumb Code     0  init.o(.text)
    ADC_Conf                                 0x08000711   Thumb Code   100  adc.o(i.ADC_Conf)
    ADC_Start                                0x0800077d   Thumb Code    16  adc.o(i.ADC_Start)
    Angle_Limite                             0x08000795   Thumb Code    54  roulis.o(i.Angle_Limite)
    Controle_Moteur_cc                       0x080007d5   Thumb Code   324  plateau.o(i.Controle_Moteur_cc)
    Controle_Plateau                         0x08000949   Thumb Code    14  voilier.o(i.Controle_Plateau)
    Controle_Servomoteur                     0x08000959   Thumb Code   102  voiles.o(i.Controle_Servomoteur)
    Controle_Voiles                          0x080009c5   Thumb Code   166  voilier.o(i.Controle_Voiles)
    Conversion                               0x08000a71   Thumb Code   104  adc.o(i.Conversion)
    Conversion_Start                         0x08000ae9   Thumb Code    18  adc.o(i.Conversion_Start)
    Direction_Vent                           0x08000b01   Thumb Code     8  vent.o(i.Direction_Vent)
    Direction_Voiles                         0x08000b0d   Thumb Code    64  voiles.o(i.Direction_Voiles)
    GPIO_Conf                                0x08000b4d   Thumb Code   226  gpio.o(i.GPIO_Conf)
    Get_Direction                            0x08000c49   Thumb Code    78  telecommande.o(i.Get_Direction)
    LL_Init1msTick                           0x08000da9   Thumb Code    28  stm32f1xx_ll_utils.o(i.LL_Init1msTick)
    LL_RCC_GetSystemClocksFreq               0x08000dc5   Thumb Code    36  stm32f1xx_ll_rcc.o(i.LL_RCC_GetSystemClocksFreq)
    LL_SetSystemCoreClock                    0x08000de9   Thumb Code     6  stm32f1xx_ll_utils.o(i.LL_SetSystemCoreClock)
    LL_TIM_Init                              0x08000edd   Thumb Code   228  stm32f1xx_ll_tim.o(i.LL_TIM_Init)
    LL_USART_Init                            0x08001065   Thumb Code   376  stm32f1xx_ll_usart.o(i.LL_USART_Init)
    LL_USART_StructInit                      0x080012c7   Thumb Code    24  stm32f1xx_ll_usart.o(i.LL_USART_StructInit)
    RCC_GetHCLKClockFreq                     0x080012e5   Thumb Code    24  stm32f1xx_ll_rcc.o(i.RCC_GetHCLKClockFreq)
    RCC_GetPCLK1ClockFreq                    0x08001305   Thumb Code    26  stm32f1xx_ll_rcc.o(i.RCC_GetPCLK1ClockFreq)
    RCC_GetPCLK2ClockFreq                    0x08001329   Thumb Code    26  stm32f1xx_ll_rcc.o(i.RCC_GetPCLK2ClockFreq)
    RCC_GetSystemClockFreq                   0x0800134d   Thumb Code    52  stm32f1xx_ll_rcc.o(i.RCC_GetSystemClockFreq)
    RCC_PLL_GetFreqDomain_SYS                0x08001389   Thumb Code    76  stm32f1xx_ll_rcc.o(i.RCC_PLL_GetFreqDomain_SYS)
    SystemClock_Config                       0x080013e1   Thumb Code   212  main.o(i.SystemClock_Config)
    SystemInit                               0x080014c1   Thumb Code    70  system_stm32f1xx.o(i.SystemInit)
    Timer_Conf                               0x08001519   Thumb Code   392  timer.o(i.Timer_Conf)
    Timer_Start                              0x080016b1   Thumb Code    14  timer.o(i.Timer_Start)
    Transmission_Data                        0x080016c1   Thumb Code   218  pupitre.o(i.Transmission_Data)
    USART_Conf                               0x080017ed   Thumb Code   112  uart.o(i.USART_Conf)
    Voilier_Conf                             0x08001865   Thumb Code    20  voilier.o(i.Voilier_Conf)
    __scatterload_copy                       0x08001879   Thumb Code    14  handlers.o(i.__scatterload_copy)
    __scatterload_null                       0x08001887   Thumb Code     2  handlers.o(i.__scatterload_null)
    __scatterload_zeroinit                   0x08001889   Thumb Code    14  handlers.o(i.__scatterload_zeroinit)
    assert_failed                            0x08001897   Thumb Code     4  main.o(i.assert_failed)
    main                                     0x0800189b   Thumb Code    20  main.o(i.main)
    AHBPrescTable                            0x080018d1   Data          16  system_stm32f1xx.o(.constdata)
    APBPrescTable                            0x080018e1   Data           8  system_stm32f1xx.o(.constdata)
    Region$$Table$$Base                      0x080018ec   Number         0  anon$$obj.o(Region$$Table)
    Region$$Table$$Limit                     0x0800190c   Number         0  anon$$obj.o(Region$$Table)
    SystemCoreClock                          0x20000008   Data           4  system_stm32f1xx.o(.data)
    __initial_sp                             0x20000418   Data           0  startup_stm32f103xb.o(STACK)



==============================================================================

Memory Map of the image

  Image Entry point : 0x080000ed

  Load Region LR_IROM1 (Base: 0x08000000, Size: 0x00001918, Max: 0x00020000, ABSOLUTE)

    Execution Region ER_IROM1 (Exec base: 0x08000000, Load base: 0x08000000, Size: 0x0000190c, Max: 0x00020000, ABSOLUTE)

    Exec Addr    Load Addr    Size         Type   Attr      Idx    E Section Name        Object

    0x08000000   0x08000000   0x000000ec   Data   RO         1045    RESET               startup_stm32f103xb.o
    0x080000ec   0x080000ec   0x00000000   Code   RO         1050  * .ARM.Collect$$$$00000000  mc_w.l(entry.o)
    0x080000ec   0x080000ec   0x00000004   Code   RO         1075    .ARM.Collect$$$$00000001  mc_w.l(entry2.o)
    0x080000f0   0x080000f0   0x00000004   Code   RO         1078    .ARM.Collect$$$$00000004  mc_w.l(entry5.o)
    0x080000f4   0x080000f4   0x00000000   Code   RO         1080    .ARM.Collect$$$$00000008  mc_w.l(entry7b.o)
    0x080000f4   0x080000f4   0x00000000   Code   RO         1082    .ARM.Collect$$$$0000000A  mc_w.l(entry8b.o)
    0x080000f4   0x080000f4   0x00000008   Code   RO         1083    .ARM.Collect$$$$0000000B  mc_w.l(entry9a.o)
    0x080000fc   0x080000fc   0x00000000   Code   RO         1085    .ARM.Collect$$$$0000000D  mc_w.l(entry10a.o)
    0x080000fc   0x080000fc   0x00000000   Code   RO         1087    .ARM.Collect$$$$0000000F  mc_w.l(entry11a.o)
    0x080000fc   0x080000fc   0x00000004   Code   RO         1076    .ARM.Collect$$$$00002712  mc_w.l(entry2.o)
    0x08000100   0x08000100   0x00000024   Code   RO         1046    .text               startup_stm32f103xb.o
    0x08000124   0x08000124   0x00000024   Code   RO         1053    .text               mc_w.l(memcpya.o)
    0x08000148   0x08000148   0x0000014e   Code   RO         1057    .text               mf_w.l(dadd.o)
    0x08000296   0x08000296   0x000000e4   Code   RO         1059    .text               mf_w.l(dmul.o)
    0x0800037a   0x0800037a   0x000000de   Code   RO         1061    .text               mf_w.l(ddiv.o)
    0x08000458   0x08000458   0x0000000a   Code   RO         1063    .text               mf_w.l(ffltui.o)
    0x08000462   0x08000462   0x0000003e   Code   RO         1065    .text               mf_w.l(dfixi.o)
    0x080004a0   0x080004a0   0x00000026   Code   RO         1067    .text               mf_w.l(f2d.o)
    0x080004c6   0x080004c6   0x00000002   PAD
    0x080004c8   0x080004c8   0x00000030   Code   RO         1069    .text               mf_w.l(cdcmple.o)
    0x080004f8   0x080004f8   0x00000030   Code   RO         1071    .text               mf_w.l(cdrcmple.o)
    0x08000528   0x08000528   0x00000038   Code   RO         1073    .text               mf_w.l(d2f.o)
    0x08000560   0x08000560   0x0000001e   Code   RO         1089    .text               mc_w.l(llshl.o)
    0x0800057e   0x0800057e   0x00000020   Code   RO         1091    .text               mc_w.l(llushr.o)
    0x0800059e   0x0800059e   0x00000024   Code   RO         1093    .text               mc_w.l(llsshr.o)
    0x080005c2   0x080005c2   0x00000000   Code   RO         1095    .text               mc_w.l(iusefp.o)
    0x080005c2   0x080005c2   0x0000006e   Code   RO         1096    .text               mf_w.l(fepilogue.o)
    0x08000630   0x08000630   0x000000ba   Code   RO         1098    .text               mf_w.l(depilogue.o)
    0x080006ea   0x080006ea   0x00000002   PAD
    0x080006ec   0x080006ec   0x00000024   Code   RO         1100    .text               mc_w.l(init.o)
    0x08000710   0x08000710   0x0000006c   Code   RO          371    i.ADC_Conf          adc.o
    0x0800077c   0x0800077c   0x00000018   Code   RO          372    i.ADC_Start         adc.o
    0x08000794   0x08000794   0x00000040   Code   RO          248    i.Angle_Limite      roulis.o
    0x080007d4   0x080007d4   0x00000174   Code   RO          167    i.Controle_Moteur_cc  plateau.o
    0x08000948   0x08000948   0x0000000e   Code   RO           78    i.Controle_Plateau  voilier.o
    0x08000956   0x08000956   0x00000002   PAD
    0x08000958   0x08000958   0x0000006c   Code   RO          302    i.Controle_Servomoteur  voiles.o
    0x080009c4   0x080009c4   0x000000ac   Code   RO           79    i.Controle_Voiles   voilier.o
    0x08000a70   0x08000a70   0x00000078   Code   RO          374    i.Conversion        adc.o
    0x08000ae8   0x08000ae8   0x00000018   Code   RO          375    i.Conversion_Start  adc.o
    0x08000b00   0x08000b00   0x0000000c   Code   RO          264    i.Direction_Vent    vent.o
    0x08000b0c   0x08000b0c   0x00000040   Code   RO          303    i.Direction_Voiles  voiles.o
    0x08000b4c   0x08000b4c   0x000000fc   Code   RO          458    i.GPIO_Conf         gpio.o
    0x08000c48   0x08000c48   0x00000068   Code   RO          342    i.Get_Direction     telecommande.o
    0x08000cb0   0x08000cb0   0x0000000a   Code   RO          378    i.LL_ADC_Enable     adc.o
    0x08000cba   0x08000cba   0x0000000a   Code   RO           80    i.LL_ADC_IsActiveFlag_EOS  voilier.o
    0x08000cc4   0x08000cc4   0x00000038   Code   RO          379    i.LL_ADC_REG_SetSequencerRanks  adc.o
    0x08000cfc   0x08000cfc   0x0000001c   Code   RO          500    i.LL_APB1_GRP1_EnableClock  timer.o
    0x08000d18   0x08000d18   0x0000001c   Code   RO          380    i.LL_APB2_GRP1_EnableClock  adc.o
    0x08000d34   0x08000d34   0x0000001c   Code   RO          459    i.LL_APB2_GRP1_EnableClock  gpio.o
    0x08000d50   0x08000d50   0x0000002c   Code   RO          460    i.LL_GPIO_SetPinMode  gpio.o
    0x08000d7c   0x08000d7c   0x0000002c   Code   RO          461    i.LL_GPIO_SetPinOutputType  gpio.o
    0x08000da8   0x08000da8   0x0000001c   Code   RO          679    i.LL_Init1msTick    stm32f1xx_ll_utils.o
    0x08000dc4   0x08000dc4   0x00000024   Code   RO          598    i.LL_RCC_GetSystemClocksFreq  stm32f1xx_ll_rcc.o
    0x08000de8   0x08000de8   0x0000000c   Code   RO          686    i.LL_SetSystemCoreClock  stm32f1xx_ll_utils.o
    0x08000df4   0x08000df4   0x00000008   Code   RO          501    i.LL_TIM_CC_EnableChannel  timer.o
    0x08000dfc   0x08000dfc   0x00000088   Code   RO          502    i.LL_TIM_IC_Config  timer.o
    0x08000e84   0x08000e84   0x00000058   Code   RO          503    i.LL_TIM_IC_SetPolarity  timer.o
    0x08000edc   0x08000edc   0x00000114   Code   RO          791    i.LL_TIM_Init       stm32f1xx_ll_tim.o
    0x08000ff0   0x08000ff0   0x00000004   Code   RO          168    i.LL_TIM_OC_SetCompareCH1  plateau.o
    0x08000ff4   0x08000ff4   0x00000004   Code   RO          304    i.LL_TIM_OC_SetCompareCH1  voiles.o
    0x08000ff8   0x08000ff8   0x0000006c   Code   RO          504    i.LL_TIM_OC_SetMode  timer.o
    0x08001064   0x08001064   0x000001b0   Code   RO          940    i.LL_USART_Init     stm32f1xx_ll_usart.o
    0x08001214   0x08001214   0x0000000a   Code   RO          211    i.LL_USART_IsActiveFlag_TXE  pupitre.o
    0x0800121e   0x0800121e   0x0000000a   Code   RO          941    i.LL_USART_IsEnabled  stm32f1xx_ll_usart.o
    0x08001228   0x08001228   0x0000009e   Code   RO          942    i.LL_USART_SetBaudRate  stm32f1xx_ll_usart.o
    0x080012c6   0x080012c6   0x00000018   Code   RO          943    i.LL_USART_StructInit  stm32f1xx_ll_usart.o
    0x080012de   0x080012de   0x00000004   Code   RO          212    i.LL_USART_TransmitData8  pupitre.o
    0x080012e2   0x080012e2   0x00000002   PAD
    0x080012e4   0x080012e4   0x00000020   Code   RO          601    i.RCC_GetHCLKClockFreq  stm32f1xx_ll_rcc.o
    0x08001304   0x08001304   0x00000024   Code   RO          602    i.RCC_GetPCLK1ClockFreq  stm32f1xx_ll_rcc.o
    0x08001328   0x08001328   0x00000024   Code   RO          603    i.RCC_GetPCLK2ClockFreq  stm32f1xx_ll_rcc.o
    0x0800134c   0x0800134c   0x0000003c   Code   RO          604    i.RCC_GetSystemClockFreq  stm32f1xx_ll_rcc.o
    0x08001388   0x08001388   0x00000058   Code   RO          605    i.RCC_PLL_GetFreqDomain_SYS  stm32f1xx_ll_rcc.o
    0x080013e0   0x080013e0   0x000000e0   Code   RO            4    i.SystemClock_Config  main.o
    0x080014c0   0x080014c0   0x00000058   Code   RO         1010    i.SystemInit        system_stm32f1xx.o
    0x08001518   0x08001518   0x00000198   Code   RO          505    i.Timer_Conf        timer.o
    0x080016b0   0x080016b0   0x0000000e   Code   RO          506    i.Timer_Start       timer.o
    0x080016be   0x080016be   0x00000002   PAD
    0x080016c0   0x080016c0   0x0000012c   Code   RO          213    i.Transmission_Data  pupitre.o
    0x080017ec   0x080017ec   0x00000078   Code   RO          569    i.USART_Conf        uart.o
    0x08001864   0x08001864   0x00000014   Code   RO           81    i.Voilier_Conf      voilier.o
    0x08001878   0x08001878   0x0000000e   Code   RO         1104    i.__scatterload_copy  mc_w.l(handlers.o)
    0x08001886   0x08001886   0x00000002   Code   RO         1105    i.__scatterload_null  mc_w.l(handlers.o)
    0x08001888   0x08001888   0x0000000e   Code   RO         1106    i.__scatterload_zeroinit  mc_w.l(handlers.o)
    0x08001896   0x08001896   0x00000004   Code   RO            5    i.assert_failed     main.o
    0x0800189a   0x0800189a   0x00000014   Code   RO            6    i.main              main.o
    0x080018ae   0x080018ae   0x00000023   Data   RO          508    .constdata          timer.o
    0x080018d1   0x080018d1   0x00000018   Data   RO         1011    .constdata          system_stm32f1xx.o
    0x080018e9   0x080018e9   0x00000003   PAD
    0x080018ec   0x080018ec   0x00000020   Data   RO         1102    Region$$Table       anon$$obj.o


    Execution Region RW_IRAM1 (Exec base: 0x20000000, Load base: 0x0800190c, Size: 0x00000418, Max: 0x00005000, ABSOLUTE)

    Exec Addr    Load Addr    Size         Type   Attr      Idx    E Section Name        Object

    0x20000000   0x0800190c   0x00000008   Data   RW          249    .data               roulis.o
    0x20000008   0x08001914   0x00000004   Data   RW         1012    .data               system_stm32f1xx.o
    0x2000000c        -       0x0000000c   Zero   RW          381    .bss                adc.o
    0x20000018        -       0x00000400   Zero   RW         1043    STACK               startup_stm32f103xb.o


==============================================================================

Image component sizes


      Code (inc. data)   RO Data    RW Data    ZI Data      Debug   Object Name

       370         42          0          0         12      45335   adc.o
       368         30          0          0          0       9672   gpio.o
       248         12          0          0          0     356052   main.o
       376         48          0          0          0      33233   plateau.o
       314         82          0          0          0      13640   pupitre.o
        64         10          0          8          0        611   roulis.o
        36          8        236          0       1024        752   startup_stm32f103xb.o
       288         48          0          0          0      12965   stm32f1xx_ll_rcc.o
       276         48          0          0          0      28914   stm32f1xx_ll_tim.o
       624         56          0          0          0      25038   stm32f1xx_ll_usart.o
        40          6          0          0          0       2021   stm32f1xx_ll_utils.o
        88         18         24          4          0       1127   system_stm32f1xx.o
       104         26          0          0          0      24612   telecommande.o
       790         46         35          0          0      31367   timer.o
       120          8          0          0          0      12429   uart.o
        12          4          0          0          0      24461   vent.o
       176          6          0          0          0      25610   voiles.o
       216          6          0          0          0      32248   voilier.o

    ----------------------------------------------------------------------
      4516        504        330         12       1036     680087   Object Totals
         0          0         32          0          0          0   (incl. Generated)
         6          0          3          0          0          0   (incl. Padding)

    ----------------------------------------------------------------------

      Code (inc. data)   RO Data    RW Data    ZI Data      Debug   Library Member Name

         0          0          0          0          0          0   entry.o
         0          0          0          0          0          0   entry10a.o
         0          0          0          0          0          0   entry11a.o
         8          4          0          0          0          0   entry2.o
         4          0          0          0          0          0   entry5.o
         0          0          0          0          0          0   entry7b.o
         0          0          0          0          0          0   entry8b.o
         8          4          0          0          0          0   entry9a.o
        30          0          0          0          0          0   handlers.o
        36          8          0          0          0         68   init.o
         0          0          0          0          0          0   iusefp.o
        30          0          0          0          0         68   llshl.o
        36          0          0          0          0         68   llsshr.o
        32          0          0          0          0         68   llushr.o
        36          0          0          0          0         68   memcpya.o
        48          0          0          0          0         68   cdcmple.o
        48          0          0          0          0         68   cdrcmple.o
        56          0          0          0          0         88   d2f.o
       334          0          0          0          0        148   dadd.o
       222          0          0          0          0        100   ddiv.o
       186          0          0          0          0        176   depilogue.o
        62          0          0          0          0         80   dfixi.o
       228          0          0          0          0         96   dmul.o
        38          0          0          0          0         68   f2d.o
       110          0          0          0          0        168   fepilogue.o
        10          0          0          0          0         68   ffltui.o

    ----------------------------------------------------------------------
      1566         16          0          0          0       1468   Library Totals
         4          0          0          0          0          0   (incl. Padding)

    ----------------------------------------------------------------------

      Code (inc. data)   RO Data    RW Data    ZI Data      Debug   Library Name

       220         16          0          0          0        340   mc_w.l
      1342          0          0          0          0       1128   mf_w.l

    ----------------------------------------------------------------------
      1566         16          0          0          0       1468   Library Totals

    ----------------------------------------------------------------------

==============================================================================


      Code (inc. data)   RO Data    RW Data    ZI Data      Debug   

      6082        520        330         12       1036     678535   Grand Totals
      6082        520        330         12       1036     678535   ELF Image Totals
      6082        520        330         12          0          0   ROM Totals

==============================================================================

    Total RO  Size (Code + RO Data)                 6412 (   6.26kB)
    Total RW  Size (RW Data + ZI Data)              1048 (   1.02kB)
    Total ROM Size (Code + RO Data + RW Data)       6424 (   6.27kB)

==============================================================================

