<html>
<body>
<pre>
<h1>µVision Build Log</h1>
<h2>Tool Versions:</h2>
IDE-Version: µVision V5.30.0.0
Copyright (C) 2020 ARM Ltd and ARM Germany GmbH. All rights reserved.
License Information: CSN CSN, INSA de Toulouse, LIC=----
 
Tool Versions:
Toolchain:       MDK-Lite  Version: 5.30.0.0
Toolchain Path:  C:\Keil_v5\ARM\ARMCC\Bin
C Compiler:      Armcc.exe V5.06 update 6 (build 750)
Assembler:       Armasm.exe V5.06 update 6 (build 750)
Linker/Locator:  ArmLink.exe V5.06 update 6 (build 750)
Library Manager: ArmAr.exe V5.06 update 6 (build 750)
Hex Converter:   FromElf.exe V5.06 update 6 (build 750)
CPU DLL:         SARMCM3.DLL V5.30.0.0
Dialog DLL:      DARMSTM.DLL V1.68.0.0
Target DLL:      UL2CM3.DLL V1.163.3.0
Dialog DLL:      TARMSTM.DLL V1.66.0.0
 
<h2>Project:</h2>
U:\TP Periph\Periph\Projet_Voilier\MDK-ARM\Project.uvprojx
Project File Date:  11/26/2020

<h2>Output:</h2>
*** Using Compiler 'V5.06 update 6 (build 750)', folder: 'C:\Keil_v5\ARM\ARMCC\Bin'
Rebuild target 'NUCLEO-F103RB'
compiling Roulis.c...
compiling Pupitre.c...
..\Peripheral\Pupitre.c(25): warning:  #177-D: variable "tab_roulis"  was declared but never referenced
  	uint8_t tab_roulis[32] = {0x41, 0x6E, 0x67, 0x6C, 0x65, 0x20, 0x6C, 0x69, 0x6D, 0x69, 0x74, 
..\Peripheral\Pupitre.c(30): warning:  #177-D: variable "tab_voiles"  was declared but never referenced
  	uint8_t tab_voiles[26] = {0x41, 0x6E, 0x67, 0x6C, 0x65, 0x20, 0x76, 0x6F, 0x69, 0x6C, 0x65,
..\Peripheral\Pupitre.c: 2 warnings, 0 errors
compiling main.c...
compiling Batterie.c...
..\Peripheral\Batterie.c(12): warning:  #940-D: missing return statement at end of non-void function "Seuil_Batterie" 
  }
..\Peripheral\Batterie.c: 1 warning, 0 errors
compiling Voiles.c...
..\Peripheral\Voiles.c(24): warning:  #177-D: variable "Angle_Servo"  was declared but never referenced
  	int Angle_Servo, duty_cycle;
..\Peripheral\Voiles.c(24): warning:  #177-D: variable "duty_cycle"  was declared but never referenced
  	int Angle_Servo, duty_cycle;
..\Peripheral\Voiles.c: 2 warnings, 0 errors
compiling Plateau.c...
..\Peripheral\Plateau.c(8): warning:  #550-D: variable "Vitesse"  was set but never used
  	float Vitesse, Direction_Gauche;
..\Peripheral\Plateau.c: 1 warning, 0 errors
compiling Vent.c...
compiling Voilier.c...
compiling GPIO.c...
compiling Telecommande.c...
compiling stm32f1xx_ll_rcc.c...
compiling UART.c...
compiling stm32f1xx_ll_utils.c...
compiling Timer.c...
..\Fonction\Timer.c(15): warning:  #177-D: variable "My_TIM_BDTRInitStruct"  was declared but never referenced
  	LL_TIM_BDTR_InitTypeDef My_TIM_BDTRInitStruct;
..\Fonction\Timer.c: 1 warning, 0 errors
assembling startup_stm32f103xb.s...
compiling ADC.c...
compiling system_stm32f1xx.c...
compiling stm32f1xx_ll_usart.c...
compiling stm32f1xx_ll_tim.c...
linking...
Program Size: Code=5978 RO-data=330 RW-data=12 ZI-data=1036  
"NUCLEO-F103RB\NUCLEO-F103RB.axf" - 0 Error(s), 7 Warning(s).

<h2>Software Packages used:</h2>

Package Vendor: ARM
                http://www.keil.com/pack/ARM.CMSIS.5.7.0.pack
                ARM.CMSIS.5.7.0
                CMSIS (Cortex Microcontroller Software Interface Standard)
   * Component: CORE Version: 5.4.0

Package Vendor: Keil
                http://www.keil.com/pack/Keil.STM32F1xx_DFP.2.3.0.pack
                Keil.STM32F1xx_DFP.2.3.0
                STMicroelectronics STM32F1 Series Device Support, Drivers and Examples

<h2>Collection of Component include folders:</h2>
  .\RTE\_NUCLEO-F103RB
  C:\Programdata\Keil\Arm\Packs\ARM\CMSIS\5.7.0\CMSIS\Core\Include
  C:\Programdata\Keil\Arm\Packs\Keil\STM32F1xx_DFP\2.3.0\Device\Include

<h2>Collection of Component Files used:</h2>

   * Component: ARM::CMSIS:CORE:5.4.0
Build Time Elapsed:  00:00:06
</pre>
</body>
</html>
